-app        ai-video-app         "docker-entrypoint.s…"   app        3 minutes ago   Restarting (1) 48 seconds ago   
ai-video-postgres   postgres:16-alpine   "docker-entrypoint.s…"   postgres   3 minutes ago   Up 3 minutes (healthy)          5432/tcp
root@webvpsserver:/www/wwwroot/ai-video# docker-compose ps
WARN[0000] /www/wwwroot/ai-video/docker-compose.yml: the attribute `version` is obsolete, it will be ignored, please remove it to avoid potential confusion 
NAME                IMAGE                COMMAND                  SERVICE    CREATED         STATUS                          PORTS
ai-video-app        ai-video-app         "docker-entrypoint.s…"   app        3 minutes ago   Restarting (1) 52 seconds ago   
ai-video-postgres   postgres:16-alpine   "docker-entrypoint.s…"   postgres   3 minutes ago   Up 3 minutes (healthy)          5432/tcp
root@webvpsserver:/www/wwwroot/ai-video# docker-compose ps
WARN[0000] /www/wwwroot/ai-video/docker-compose.yml: the attribute `version` is obsolete, it will be ignored, please remove it to avoid potential confusion 
NAME                IMAGE                COMMAND                  SERVICE    CREATED         STATUS                          PORTS
ai-video-app        ai-video-app         "docker-entrypoint.s…"   app        3 minutes ago   Restarting (1) 54 seconds ago   
ai-video-postgres   postgres:16-alpine   "docker-entrypoint.s…"   postgres   3 minutes ago   Up 3 minutes (healthy)          5432/tcp
root@webvpsserver:/www/wwwroot/ai-video# docker-compose ps
WARN[0000] /www/wwwroot/ai-video/docker-compose.yml: the attribute `version` is obsolete, it will be ignored, please remove it to avoid potential confusion 
NAME                IMAGE                COMMAND                  SERVICE    CREATED         STATUS                           PORTS
ai-video-app        ai-video-app         "docker-entrypoint.s…"   app        3 minutes ago   Up 1 second (health: starting)   127.0.0.1:5000->5000/tcp
ai-video-postgres   postgres:16-alpine   "docker-entrypoint.s…"   postgres   3 minutes ago   Up 3 minutes (healthy)           5432/tcp
root@webvpsserver:/www/wwwroot/ai-video# docker-compose ps
WARN[0000] /www/wwwroot/ai-video/docker-compose.yml: the attribute `version` is obsolete, it will be ignored, please remove it to avoid potential confusion 
NAME                IMAGE                COMMAND                  SERVICE    CREATED         STATUS                        PORTS
ai-video-app        ai-video-app         "docker-entrypoint.s…"   app        3 minutes ago   Restarting (1) 1 second ago   
ai-video-postgres   postgres:16-alpine   "docker-entrypoint.s…"   postgres   3 minutes ago   Up 3 minutes (healthy)        5432/tcp
root@webvpsserver:/www/wwwroot/ai-video# docker-compose ps
WARN[0000] /www/wwwroot/ai-video/docker-compose.yml: the attribute `version` is obsolete, it will be ignored, please remove it to avoid potential confusion 
NAME                IMAGE                COMMAND                  SERVICE    CREATED         STATUS                         PORTS
ai-video-app        ai-video-app         "docker-entrypoint.s…"   app        3 minutes ago   Restarting (1) 3 seconds ago   
ai-video-postgres   postgres:16-alpine   "docker-entrypoint.s…"   postgres   3 minutes ago   Up 3 minutes (healthy)         5432/tcp
root@webvpsserver:/www/wwwroot/ai-video# docker-compose exec app npm run db:push -- --force
WARN[0000] /www/wwwroot/ai-video/docker-compose.yml: the attribute `version` is obsolete, it will be ignored, please remove it to avoid potential confusion 
Error response from daemon: Container 40b20c71108de8e4af5e6ff0e0e74ee0c674ad75477794450ee275680d60d84a is restarting, wait until the container is running
root@webvpsserver:/www/wwwroot/ai-video# 